// Jest Snapshot v1, https://goo.gl/fbAQLP

exports[`reporter should report 1`] = `
[
  "startProcessing",
  "startProcessingStream",
  "startProcessingRow",
  "endProcessingRow",
  "loadingBatch",
  "loadedBatch",
  "endLoadingBatch",
  "endProcessingStream",
  "endProcessing",
]
`;

exports[`reporter should report 2`] = `
[
  {
    "eventArguments": [
      DynamicProcessor {
        "generator": [Function],
        "rowLimit": 0,
      },
      [
        CustomDestination {
          "batchCount": 1,
          "batchSize": 0,
          "batchTransformer": undefined,
          "data": [
            "test",
          ],
          "disableLoad": false,
          "recordGenerator": undefined,
        },
      ],
    ],
    "eventId": "generated-id-1",
    "eventName": "startProcessing",
    "jobId": "generated-id-0",
    "jobName": "report-test-job",
    "jobStopped": false,
    "timestamp": 0,
  },
  {
    "eventArguments": [],
    "eventId": "generated-id-2",
    "eventName": "startProcessingStream",
    "jobId": "generated-id-0",
    "jobName": "report-test-job",
    "jobStopped": false,
    "timestamp": 1,
  },
  {
    "eventArguments": [
      "test",
    ],
    "eventId": "generated-id-3",
    "eventName": "startProcessingRow",
    "jobId": "generated-id-0",
    "jobName": "report-test-job",
    "jobStopped": false,
    "timestamp": 2,
  },
  {
    "eventArguments": [],
    "eventId": "generated-id-4",
    "eventName": "endProcessingRow",
    "jobId": "generated-id-0",
    "jobName": "report-test-job",
    "jobStopped": false,
    "timestamp": 3,
  },
  {
    "eventArguments": [
      0,
      [
        "test",
      ],
    ],
    "eventId": "generated-id-5",
    "eventName": "loadingBatch",
    "jobId": "generated-id-0",
    "jobName": "report-test-job",
    "jobStopped": false,
    "timestamp": 4,
  },
  {
    "eventArguments": [
      0,
      [
        "test",
      ],
    ],
    "eventId": "generated-id-6",
    "eventName": "loadedBatch",
    "jobId": "generated-id-0",
    "jobName": "report-test-job",
    "jobStopped": false,
    "timestamp": 5,
  },
  {
    "eventArguments": [
      0,
    ],
    "eventId": "generated-id-7",
    "eventName": "endLoadingBatch",
    "jobId": "generated-id-0",
    "jobName": "report-test-job",
    "jobStopped": false,
    "timestamp": 6,
  },
  {
    "eventArguments": [],
    "eventId": "generated-id-8",
    "eventName": "endProcessingStream",
    "jobId": "generated-id-0",
    "jobName": "report-test-job",
    "jobStopped": false,
    "timestamp": 7,
  },
  {
    "eventArguments": [],
    "eventId": "generated-id-9",
    "eventName": "endProcessing",
    "jobId": "generated-id-0",
    "jobName": "report-test-job",
    "jobStopped": false,
    "timestamp": 8,
  },
]
`;
